#-----------------------------------------------------------
# Vivado v2018.3 (64-bit)
# SW Build 2405991 on Thu Dec  6 23:38:27 MST 2018
# IP Build 2404404 on Fri Dec  7 01:43:56 MST 2018
# Start of session at: Thu Jul 30 15:21:18 2020
# Process ID: 17044
# Current directory: D:/Color Recognition/Color_Demo
# Command line: vivado.exe -gui_launcher_event rodinguilauncherevent12644 D:\Color Recognition\Color_Demo\Color_Demo.xpr
# Log file: D:/Color Recognition/Color_Demo/vivado.log
# Journal file: D:/Color Recognition/Color_Demo\vivado.jou
#-----------------------------------------------------------
start_gui
open_project {D:/Color Recognition/Color_Demo/Color_Demo.xpr}
update_compile_order -fileset sources_1
reset_run impl_1 -prev_step 
launch_runs impl_1 -to_step write_bitstream -jobs 8
wait_on_run impl_1
open_run impl_1
close_design
open_hw
connect_hw_server
open_hw_target
set_property PROGRAM.FILE {D:/Color Recognition/Color_Demo/Color_Demo.runs/impl_1/Image_Demo.bit} [get_hw_devices xc7s15_0]
current_hw_device [get_hw_devices xc7s15_0]
refresh_hw_device -update_hw_probes false [lindex [get_hw_devices xc7s15_0] 0]
set_property PROBES.FILE {} [get_hw_devices xc7s15_0]
set_property FULL_PROBES.FILE {} [get_hw_devices xc7s15_0]
set_property PROGRAM.FILE {D:/Color Recognition/Color_Demo/Color_Demo.runs/impl_1/Image_Demo.bit} [get_hw_devices xc7s15_0]
program_hw_devices [get_hw_devices xc7s15_0]
refresh_hw_device [lindex [get_hw_devices xc7s15_0] 0]
set_property PROBES.FILE {} [get_hw_devices xc7s15_0]
set_property FULL_PROBES.FILE {} [get_hw_devices xc7s15_0]
set_property PROGRAM.FILE {D:/Color Recognition/Color_Demo/Color_Demo.runs/impl_1/Image_Demo.bit} [get_hw_devices xc7s15_0]
program_hw_devices [get_hw_devices xc7s15_0]
refresh_hw_device [lindex [get_hw_devices xc7s15_0] 0]
